Datei , wurde nicht gefunden.
Datei \n*** STACKTRACE - START ***\n wurde nicht gefunden.
Datei , wurde nicht gefunden.
Datei line wurde nicht gefunden.
Datei , wurde nicht gefunden.
Datei line wurde nicht gefunden.
